Archive member included to satisfy reference by file (symbol)

d:/various/notes/projects/proj-pycamera/tools/gcc-arm-none-eabi-10.3-2021.10-win32/gcc-arm-none-eabi-10.3-2021.10/bin/../lib/gcc/arm-none-eabi/10.3.1/../../../../arm-none-eabi/lib/thumb/v6-m/nofp\libc_nano.a(lib_a-exit.o)
                              d:/various/notes/projects/proj-pycamera/tools/gcc-arm-none-eabi-10.3-2021.10-win32/gcc-arm-none-eabi-10.3-2021.10/bin/../lib/gcc/arm-none-eabi/10.3.1/../../../../arm-none-eabi/lib/thumb/v6-m/nofp/crt0.o (exit)
d:/various/notes/projects/proj-pycamera/tools/gcc-arm-none-eabi-10.3-2021.10-win32/gcc-arm-none-eabi-10.3-2021.10/bin/../lib/gcc/arm-none-eabi/10.3.1/../../../../arm-none-eabi/lib/thumb/v6-m/nofp\libc_nano.a(lib_a-impure.o)
                              d:/various/notes/projects/proj-pycamera/tools/gcc-arm-none-eabi-10.3-2021.10-win32/gcc-arm-none-eabi-10.3-2021.10/bin/../lib/gcc/arm-none-eabi/10.3.1/../../../../arm-none-eabi/lib/thumb/v6-m/nofp\libc_nano.a(lib_a-exit.o) (_global_impure_ptr)
d:/various/notes/projects/proj-pycamera/tools/gcc-arm-none-eabi-10.3-2021.10-win32/gcc-arm-none-eabi-10.3-2021.10/bin/../lib/gcc/arm-none-eabi/10.3.1/../../../../arm-none-eabi/lib/thumb/v6-m/nofp\libc_nano.a(lib_a-init.o)
                              d:/various/notes/projects/proj-pycamera/tools/gcc-arm-none-eabi-10.3-2021.10-win32/gcc-arm-none-eabi-10.3-2021.10/bin/../lib/gcc/arm-none-eabi/10.3.1/../../../../arm-none-eabi/lib/thumb/v6-m/nofp/crt0.o (__libc_init_array)
d:/various/notes/projects/proj-pycamera/tools/gcc-arm-none-eabi-10.3-2021.10-win32/gcc-arm-none-eabi-10.3-2021.10/bin/../lib/gcc/arm-none-eabi/10.3.1/../../../../arm-none-eabi/lib/thumb/v6-m/nofp\libc_nano.a(lib_a-memset.o)
                              d:/various/notes/projects/proj-pycamera/tools/gcc-arm-none-eabi-10.3-2021.10-win32/gcc-arm-none-eabi-10.3-2021.10/bin/../lib/gcc/arm-none-eabi/10.3.1/../../../../arm-none-eabi/lib/thumb/v6-m/nofp/crt0.o (memset)
d:/various/notes/projects/proj-pycamera/tools/gcc-arm-none-eabi-10.3-2021.10-win32/gcc-arm-none-eabi-10.3-2021.10/bin/../lib/gcc/arm-none-eabi/10.3.1/../../../../arm-none-eabi/lib/thumb/v6-m/nofp\libnosys.a(_exit.o)
                              d:/various/notes/projects/proj-pycamera/tools/gcc-arm-none-eabi-10.3-2021.10-win32/gcc-arm-none-eabi-10.3-2021.10/bin/../lib/gcc/arm-none-eabi/10.3.1/../../../../arm-none-eabi/lib/thumb/v6-m/nofp\libc_nano.a(lib_a-exit.o) (_exit)
d:/various/notes/projects/proj-pycamera/tools/gcc-arm-none-eabi-10.3-2021.10-win32/gcc-arm-none-eabi-10.3-2021.10/bin/../lib/gcc/arm-none-eabi/10.3.1/thumb/v6-m/nofp\libgcc.a(_udivsi3.o)
                              ./build/objects/src/COMMDRVV1.o (__aeabi_uidiv)
d:/various/notes/projects/proj-pycamera/tools/gcc-arm-none-eabi-10.3-2021.10-win32/gcc-arm-none-eabi-10.3-2021.10/bin/../lib/gcc/arm-none-eabi/10.3.1/thumb/v6-m/nofp\libgcc.a(_divsi3.o)
                              ./build/objects/src/stepper_control.o (__aeabi_idiv)
d:/various/notes/projects/proj-pycamera/tools/gcc-arm-none-eabi-10.3-2021.10-win32/gcc-arm-none-eabi-10.3-2021.10/bin/../lib/gcc/arm-none-eabi/10.3.1/thumb/v6-m/nofp\libgcc.a(_dvmd_tls.o)
                              d:/various/notes/projects/proj-pycamera/tools/gcc-arm-none-eabi-10.3-2021.10-win32/gcc-arm-none-eabi-10.3-2021.10/bin/../lib/gcc/arm-none-eabi/10.3.1/thumb/v6-m/nofp\libgcc.a(_udivsi3.o) (__aeabi_idiv0)

Discarded input sections

 .text          0x00000000        0x0 d:/various/notes/projects/proj-pycamera/tools/gcc-arm-none-eabi-10.3-2021.10-win32/gcc-arm-none-eabi-10.3-2021.10/bin/../lib/gcc/arm-none-eabi/10.3.1/thumb/v6-m/nofp/crti.o
 .data          0x00000000        0x0 d:/various/notes/projects/proj-pycamera/tools/gcc-arm-none-eabi-10.3-2021.10-win32/gcc-arm-none-eabi-10.3-2021.10/bin/../lib/gcc/arm-none-eabi/10.3.1/thumb/v6-m/nofp/crti.o
 .bss           0x00000000        0x0 d:/various/notes/projects/proj-pycamera/tools/gcc-arm-none-eabi-10.3-2021.10-win32/gcc-arm-none-eabi-10.3-2021.10/bin/../lib/gcc/arm-none-eabi/10.3.1/thumb/v6-m/nofp/crti.o
 .data          0x00000000        0x4 d:/various/notes/projects/proj-pycamera/tools/gcc-arm-none-eabi-10.3-2021.10-win32/gcc-arm-none-eabi-10.3-2021.10/bin/../lib/gcc/arm-none-eabi/10.3.1/thumb/v6-m/nofp/crtbegin.o
 .rodata        0x00000000       0x24 d:/various/notes/projects/proj-pycamera/tools/gcc-arm-none-eabi-10.3-2021.10-win32/gcc-arm-none-eabi-10.3-2021.10/bin/../lib/gcc/arm-none-eabi/10.3.1/thumb/v6-m/nofp/crtbegin.o
 .text          0x00000000       0x80 d:/various/notes/projects/proj-pycamera/tools/gcc-arm-none-eabi-10.3-2021.10-win32/gcc-arm-none-eabi-10.3-2021.10/bin/../lib/gcc/arm-none-eabi/10.3.1/../../../../arm-none-eabi/lib/thumb/v6-m/nofp/crt0.o
 .data          0x00000000        0x0 d:/various/notes/projects/proj-pycamera/tools/gcc-arm-none-eabi-10.3-2021.10-win32/gcc-arm-none-eabi-10.3-2021.10/bin/../lib/gcc/arm-none-eabi/10.3.1/../../../../arm-none-eabi/lib/thumb/v6-m/nofp/crt0.o
[...]
Memory Configuration

Name             Origin             Length             Attributes
RAM              0x20000000         0x00001000         xrw
FLASH            0x08000000         0x00004000         xr
*default*        0x00000000         0xffffffff

Linker script and memory map

LOAD d:/various/notes/projects/proj-pycamera/tools/gcc-arm-none-eabi-10.3-2021.10-win32/gcc-arm-none-eabi-10.3-2021.10/bin/../lib/gcc/arm-none-eabi/10.3.1/thumb/v6-m/nofp/crti.o
LOAD d:/various/notes/projects/proj-pycamera/tools/gcc-arm-none-eabi-10.3-2021.10-win32/gcc-arm-none-eabi-10.3-2021.10/bin/../lib/gcc/arm-none-eabi/10.3.1/thumb/v6-m/nofp/crtbegin.o
LOAD d:/various/notes/projects/proj-pycamera/tools/gcc-arm-none-eabi-10.3-2021.10-win32/gcc-arm-none-eabi-10.3-2021.10/bin/../lib/gcc/arm-none-eabi/10.3.1/../../../../arm-none-eabi/lib/thumb/v6-m/nofp/crt0.o
LOAD d:/various/notes/projects/proj-pycamera/tools/gcc-arm-none-eabi-10.3-2021.10-win32/gcc-arm-none-eabi-10.3-2021.10/bin/../lib/gcc/arm-none-eabi/10.3.1/../../../../arm-none-eabi/lib/thumb/v6-m/nofp\libc_nano.a
LOAD d:/various/notes/projects/proj-pycamera/tools/gcc-arm-none-eabi-10.3-2021.10-win32/gcc-arm-none-eabi-10.3-2021.10/bin/../lib/gcc/arm-none-eabi/10.3.1/../../../../arm-none-eabi/lib/thumb/v6-m/nofp\libm.a
LOAD d:/various/notes/projects/proj-pycamera/tools/gcc-arm-none-eabi-10.3-2021.10-win32/gcc-arm-none-eabi-10.3-2021.10/bin/../lib/gcc/arm-none-eabi/10.3.1/../../../../arm-none-eabi/lib/thumb/v6-m/nofp\libnosys.a
LOAD ./build/objects/src/COMMDRVV1.o
LOAD ./build/objects/src/main.o
LOAD ./build/objects/src/my_fsm.o
LOAD ./build/objects/src/stepper_control.o
LOAD ./build/objects/src/ticks.o
LOAD ./build/objects/src/USART.o
LOAD ./build/objects/Drivers/STM32F0xx_HAL_Driver/Src/stm32f0xx_hal.o
LOAD ./build/objects/Drivers/STM32F0xx_HAL_Driver/Src/stm32f0xx_hal_adc.o
LOAD ./build/objects/Drivers/STM32F0xx_HAL_Driver/Src/stm32f0xx_hal_adc_ex.o
LOAD ./build/objects/Drivers/STM32F0xx_HAL_Driver/Src/stm32f0xx_hal_can.o
LOAD ./build/objects/Drivers/STM32F0xx_HAL_Driver/Src/stm32f0xx_hal_cec.o
LOAD ./build/objects/Drivers/STM32F0xx_HAL_Driver/Src/stm32f0xx_hal_comp.o
LOAD ./build/objects/Drivers/STM32F0xx_HAL_Driver/Src/stm32f0xx_hal_cortex.o
LOAD ./build/objects/Drivers/STM32F0xx_HAL_Driver/Src/stm32f0xx_hal_crc.o
LOAD ./build/objects/Drivers/STM32F0xx_HAL_Driver/Src/stm32f0xx_hal_crc_ex.o
LOAD ./build/objects/Drivers/STM32F0xx_HAL_Driver/Src/stm32f0xx_hal_dac.o
LOAD ./build/objects/Drivers/STM32F0xx_HAL_Driver/Src/stm32f0xx_hal_dac_ex.o
LOAD ./build/objects/Drivers/STM32F0xx_HAL_Driver/Src/stm32f0xx_hal_dma.o
LOAD ./build/objects/Drivers/STM32F0xx_HAL_Driver/Src/stm32f0xx_hal_exti.o
LOAD ./build/objects/Drivers/STM32F0xx_HAL_Driver/Src/stm32f0xx_hal_flash.o
LOAD ./build/objects/Drivers/STM32F0xx_HAL_Driver/Src/stm32f0xx_hal_flash_ex.o
LOAD ./build/objects/Drivers/STM32F0xx_HAL_Driver/Src/stm32f0xx_hal_gpio.o
LOAD ./build/objects/Drivers/STM32F0xx_HAL_Driver/Src/stm32f0xx_hal_i2c.o
LOAD ./build/objects/Drivers/STM32F0xx_HAL_Driver/Src/stm32f0xx_hal_i2c_ex.o
LOAD ./build/objects/Drivers/STM32F0xx_HAL_Driver/Src/stm32f0xx_hal_i2s.o
LOAD ./build/objects/Drivers/STM32F0xx_HAL_Driver/Src/stm32f0xx_hal_irda.o
LOAD ./build/objects/Drivers/STM32F0xx_HAL_Driver/Src/stm32f0xx_hal_iwdg.o
LOAD ./build/objects/Drivers/STM32F0xx_HAL_Driver/Src/stm32f0xx_hal_pcd.o
LOAD ./build/objects/Drivers/STM32F0xx_HAL_Driver/Src/stm32f0xx_hal_pcd_ex.o
LOAD ./build/objects/Drivers/STM32F0xx_HAL_Driver/Src/stm32f0xx_hal_pwr.o
LOAD ./build/objects/Drivers/STM32F0xx_HAL_Driver/Src/stm32f0xx_hal_pwr_ex.o
LOAD ./build/objects/Drivers/STM32F0xx_HAL_Driver/Src/stm32f0xx_hal_rcc.o
LOAD ./build/objects/Drivers/STM32F0xx_HAL_Driver/Src/stm32f0xx_hal_rcc_ex.o
LOAD ./build/objects/Drivers/STM32F0xx_HAL_Driver/Src/stm32f0xx_hal_rtc.o
LOAD ./build/objects/Drivers/STM32F0xx_HAL_Driver/Src/stm32f0xx_hal_rtc_ex.o
LOAD ./build/objects/Drivers/STM32F0xx_HAL_Driver/Src/stm32f0xx_hal_smartcard.o
LOAD ./build/objects/Drivers/STM32F0xx_HAL_Driver/Src/stm32f0xx_hal_smartcard_ex.o
LOAD ./build/objects/Drivers/STM32F0xx_HAL_Driver/Src/stm32f0xx_hal_smbus.o
LOAD ./build/objects/Drivers/STM32F0xx_HAL_Driver/Src/stm32f0xx_hal_spi.o
LOAD ./build/objects/Drivers/STM32F0xx_HAL_Driver/Src/stm32f0xx_hal_spi_ex.o
LOAD ./build/objects/Drivers/STM32F0xx_HAL_Driver/Src/stm32f0xx_hal_tim.o
LOAD ./build/objects/Drivers/STM32F0xx_HAL_Driver/Src/stm32f0xx_hal_tim_ex.o
LOAD ./build/objects/Drivers/STM32F0xx_HAL_Driver/Src/stm32f0xx_hal_tsc.o
LOAD ./build/objects/Drivers/STM32F0xx_HAL_Driver/Src/stm32f0xx_hal_uart.o
LOAD ./build/objects/Drivers/STM32F0xx_HAL_Driver/Src/stm32f0xx_hal_uart_ex.o
LOAD ./build/objects/Drivers/STM32F0xx_HAL_Driver/Src/stm32f0xx_hal_usart.o
LOAD ./build/objects/Drivers/STM32F0xx_HAL_Driver/Src/stm32f0xx_hal_usart_ex.o
LOAD ./build/objects/Drivers/STM32F0xx_HAL_Driver/Src/stm32f0xx_hal_wwdg.o
LOAD ./build/objects/Drivers/STM32F0xx_HAL_Driver/Src/stm32f0xx_ll_adc.o
LOAD ./build/objects/Drivers/STM32F0xx_HAL_Driver/Src/stm32f0xx_ll_comp.o
LOAD ./build/objects/Drivers/STM32F0xx_HAL_Driver/Src/stm32f0xx_ll_crc.o
LOAD ./build/objects/Drivers/STM32F0xx_HAL_Driver/Src/stm32f0xx_ll_crs.o
LOAD ./build/objects/Drivers/STM32F0xx_HAL_Driver/Src/stm32f0xx_ll_dac.o
LOAD ./build/objects/Drivers/STM32F0xx_HAL_Driver/Src/stm32f0xx_ll_dma.o
LOAD ./build/objects/Drivers/STM32F0xx_HAL_Driver/Src/stm32f0xx_ll_exti.o
LOAD ./build/objects/Drivers/STM32F0xx_HAL_Driver/Src/stm32f0xx_ll_gpio.o
LOAD ./build/objects/Drivers/STM32F0xx_HAL_Driver/Src/stm32f0xx_ll_i2c.o
LOAD ./build/objects/Drivers/STM32F0xx_HAL_Driver/Src/stm32f0xx_ll_pwr.o
LOAD ./build/objects/Drivers/STM32F0xx_HAL_Driver/Src/stm32f0xx_ll_rcc.o
LOAD ./build/objects/Drivers/STM32F0xx_HAL_Driver/Src/stm32f0xx_ll_rtc.o
LOAD ./build/objects/Drivers/STM32F0xx_HAL_Driver/Src/stm32f0xx_ll_spi.o
LOAD ./build/objects/Drivers/STM32F0xx_HAL_Driver/Src/stm32f0xx_ll_tim.o
LOAD ./build/objects/Drivers/STM32F0xx_HAL_Driver/Src/stm32f0xx_ll_usart.o
LOAD ./build/objects/Drivers/STM32F0xx_HAL_Driver/Src/stm32f0xx_ll_usb.o
LOAD ./build/objects/Drivers/STM32F0xx_HAL_Driver/Src/stm32f0xx_ll_utils.o
LOAD ./build/objects/Drivers/STM32F0xx_HAL_Driver/Src/Legacy/stm32f0xx_hal_can.o
LOAD ./build/objects/Drivers/CMSIS/Device/ST/STM32F0xx/Source/Templates/system_stm32f0xx.o
LOAD ./build/objects/Drivers/CMSIS/Device/ST/STM32F0xx/Source/Templates/gcc/startup_stm32f030x6.o
START GROUP
LOAD d:/various/notes/projects/proj-pycamera/tools/gcc-arm-none-eabi-10.3-2021.10-win32/gcc-arm-none-eabi-10.3-2021.10/bin/../lib/gcc/arm-none-eabi/10.3.1/thumb/v6-m/nofp\libgcc.a
LOAD d:/various/notes/projects/proj-pycamera/tools/gcc-arm-none-eabi-10.3-2021.10-win32/gcc-arm-none-eabi-10.3-2021.10/bin/../lib/gcc/arm-none-eabi/10.3.1/../../../../arm-none-eabi/lib/thumb/v6-m/nofp\libc_nano.a
END GROUP
START GROUP
LOAD d:/various/notes/projects/proj-pycamera/tools/gcc-arm-none-eabi-10.3-2021.10-win32/gcc-arm-none-eabi-10.3-2021.10/bin/../lib/gcc/arm-none-eabi/10.3.1/thumb/v6-m/nofp\libgcc.a
LOAD d:/various/notes/projects/proj-pycamera/tools/gcc-arm-none-eabi-10.3-2021.10-win32/gcc-arm-none-eabi-10.3-2021.10/bin/../lib/gcc/arm-none-eabi/10.3.1/../../../../arm-none-eabi/lib/thumb/v6-m/nofp\libc_nano.a
LOAD d:/various/notes/projects/proj-pycamera/tools/gcc-arm-none-eabi-10.3-2021.10-win32/gcc-arm-none-eabi-10.3-2021.10/bin/../lib/gcc/arm-none-eabi/10.3.1/../../../../arm-none-eabi/lib/thumb/v6-m/nofp\libnosys.a
END GROUP
START GROUP
LOAD d:/various/notes/projects/proj-pycamera/tools/gcc-arm-none-eabi-10.3-2021.10-win32/gcc-arm-none-eabi-10.3-2021.10/bin/../lib/gcc/arm-none-eabi/10.3.1/thumb/v6-m/nofp\libgcc.a
LOAD d:/various/notes/projects/proj-pycamera/tools/gcc-arm-none-eabi-10.3-2021.10-win32/gcc-arm-none-eabi-10.3-2021.10/bin/../lib/gcc/arm-none-eabi/10.3.1/../../../../arm-none-eabi/lib/thumb/v6-m/nofp\libc_nano.a
LOAD d:/various/notes/projects/proj-pycamera/tools/gcc-arm-none-eabi-10.3-2021.10-win32/gcc-arm-none-eabi-10.3-2021.10/bin/../lib/gcc/arm-none-eabi/10.3.1/../../../../arm-none-eabi/lib/thumb/v6-m/nofp\libnosys.a
END GROUP
LOAD d:/various/notes/projects/proj-pycamera/tools/gcc-arm-none-eabi-10.3-2021.10-win32/gcc-arm-none-eabi-10.3-2021.10/bin/../lib/gcc/arm-none-eabi/10.3.1/thumb/v6-m/nofp/crtend.o
LOAD d:/various/notes/projects/proj-pycamera/tools/gcc-arm-none-eabi-10.3-2021.10-win32/gcc-arm-none-eabi-10.3-2021.10/bin/../lib/gcc/arm-none-eabi/10.3.1/thumb/v6-m/nofp/crtn.o
                0x20001000                _estack = 0x20001000
                0x00000200                _Min_Heap_Size = 0x200
                0x00000200                _Min_Stack_Size = 0x200

.isr_vector     0x08000000       0xc0
                0x08000000                . = ALIGN (0x4)
 *(.isr_vector)
 .isr_vector    0x08000000       0xc0 ./build/objects/Drivers/CMSIS/Device/ST/STM32F0xx/Source/Templates/gcc/startup_stm32f030x6.o
                0x08000000                g_pfnVectors
                0x080000c0                . = ALIGN (0x4)

.text           0x080000c0     0x17e4
                0x080000c0                . = ALIGN (0x4)
 *(.text)
 .text          0x080000c0       0x48 d:/various/notes/projects/proj-pycamera/tools/gcc-arm-none-eabi-10.3-2021.10-win32/gcc-arm-none-eabi-10.3-2021.10/bin/../lib/gcc/arm-none-eabi/10.3.1/thumb/v6-m/nofp/crtbegin.o
 .text          0x08000108      0x114 d:/various/notes/projects/proj-pycamera/tools/gcc-arm-none-eabi-10.3-2021.10-win32/gcc-arm-none-eabi-10.3-2021.10/bin/../lib/gcc/arm-none-eabi/10.3.1/thumb/v6-m/nofp\libgcc.a(_udivsi3.o)
                0x08000108                __aeabi_uidiv
                0x08000108                __udivsi3
                0x08000214                __aeabi_uidivmod
 .text          0x0800021c      0x1d4 d:/various/notes/projects/proj-pycamera/tools/gcc-arm-none-eabi-10.3-2021.10-win32/gcc-arm-none-eabi-10.3-2021.10/bin/../lib/gcc/arm-none-eabi/10.3.1/thumb/v6-m/nofp\libgcc.a(_divsi3.o)
                0x0800021c                __divsi3
                0x0800021c                __aeabi_idiv
                0x080003e8                __aeabi_idivmod
 .text          0x080003f0        0x4 d:/various/notes/projects/proj-pycamera/tools/gcc-arm-none-eabi-10.3-2021.10-win32/gcc-arm-none-eabi-10.3-2021.10/bin/../lib/gcc/arm-none-eabi/10.3.1/thumb/v6-m/nofp\libgcc.a(_dvmd_tls.o)
                0x080003f0                __aeabi_idiv0
                0x080003f0                __aeabi_ldiv0
 *(.text*)
 .text.__libc_init_array
                0x080003f4       0x48 d:/various/notes/projects/proj-pycamera/tools/gcc-arm-none-eabi-10.3-2021.10-win32/gcc-arm-none-eabi-10.3-2021.10/bin/../lib/gcc/arm-none-eabi/10.3.1/../../../../arm-none-eabi/lib/thumb/v6-m/nofp\libc_nano.a(lib_a-init.o)
                0x080003f4                __libc_init_array
 .text.memset   0x0800043c       0x10 d:/various/notes/projects/proj-pycamera/tools/gcc-arm-none-eabi-10.3-2021.10-win32/gcc-arm-none-eabi-10.3-2021.10/bin/../lib/gcc/arm-none-eabi/10.3.1/../../../../arm-none-eabi/lib/thumb/v6-m/nofp\libc_nano.a(lib_a-memset.o)
                0x0800043c                memset
 .text.COMM_HANDLER_datatx
                0x0800044c       0x44 ./build/objects/src/COMMDRVV1.o
                0x0800044c                COMM_HANDLER_datatx
 .text.COMM_HANDLER_conftx
                0x08000490       0x34 ./build/objects/src/COMMDRVV1.o
                0x08000490                COMM_HANDLER_conftx
 .text.COMMSLAVEDRVV1_INIT
                0x080004c4       0x98 ./build/objects/src/COMMDRVV1.o
                0x080004c4                COMMSLAVEDRVV1_INIT
 .text.COMM_CMDREG
                0x0800055c       0x24 ./build/objects/src/COMMDRVV1.o
                0x0800055c                COMM_CMDREG
 .text.COMM_rststate
                0x08000580       0x10 ./build/objects/src/COMMDRVV1.o
                0x08000580                COMM_rststate
 .text.COMM_HANDLER_idle
                0x08000590       0x28 ./build/objects/src/COMMDRVV1.o
                0x08000590                COMM_HANDLER_idle
 .text.COMM_HANDLER_addrcheck
                0x080005b8       0x40 ./build/objects/src/COMMDRVV1.o
                0x080005b8                COMM_HANDLER_addrcheck
 .text.COMM_HANDLER_rxwaittx
                0x080005f8       0x20 ./build/objects/src/COMMDRVV1.o
                0x080005f8                COMM_HANDLER_rxwaittx
 .text.COMM_HANDLER_transfererror
                0x08000618       0x30 ./build/objects/src/COMMDRVV1.o
                0x08000618                COMM_HANDLER_transfererror
 .text.COMM_HANDLER_transfercomplite
                0x08000648       0x30 ./build/objects/src/COMMDRVV1.o
                0x08000648                COMM_HANDLER_transfercomplite
 .text.COMM_HANDLER_datarx
                0x08000678       0x88 ./build/objects/src/COMMDRVV1.o
                0x08000678                COMM_HANDLER_datarx
 .text.COMM_HANDLER_cmdcheck
                0x08000700       0xbc ./build/objects/src/COMMDRVV1.o
                0x08000700                COMM_HANDLER_cmdcheck
 .text.COMM_IRQ_PROC
                0x080007bc       0x7c ./build/objects/src/COMMDRVV1.o
                0x080007bc                COMM_IRQ_PROC
 .text.COMM_CMDPROC
                0x08000838       0x30 ./build/objects/src/COMMDRVV1.o
                0x08000838                COMM_CMDPROC
 .text.comm_cmd_set_speed
                0x08000868       0x24 ./build/objects/src/main.o
                0x08000868                comm_cmd_set_speed
 .text.comm_cmd_move
                0x0800088c       0x30 ./build/objects/src/main.o
                0x0800088c                comm_cmd_move
 .text.comm_cmd_set_active_power
                0x080008bc       0x2c ./build/objects/src/main.o
                0x080008bc                comm_cmd_set_active_power
 .text.comm_cmd_set_hold_power
                0x080008e8       0x2c ./build/objects/src/main.o
                0x080008e8                comm_cmd_set_hold_power
 .text.NMI_Handler
                0x08000914        0x2 ./build/objects/src/main.o
                0x08000914                NMI_Handler
 .text.HardFault_Handler
                0x08000916        0x2 ./build/objects/src/main.o
                0x08000916                HardFault_Handler
 .text.SVC_Handler
                0x08000918        0x2 ./build/objects/src/main.o
                0x08000918                SVC_Handler
 .text.PendSV_Handler
                0x0800091a        0x2 ./build/objects/src/main.o
                0x0800091a                PendSV_Handler
 .text.SysTick_Handler
                0x0800091c        0x8 ./build/objects/src/main.o
                0x0800091c                SysTick_Handler
 .text.SystemClock_Config
                0x08000924       0x5a ./build/objects/src/main.o
                0x08000924                SystemClock_Config
 *fill*         0x0800097e        0x2 
 .text.main     0x08000980       0xb0 ./build/objects/src/main.o
                0x08000980                main
 .text.my_fsm_state_wait
                0x08000a30       0x18 ./build/objects/src/my_fsm.o
                0x08000a30                my_fsm_state_wait
 .text.my_fsm_is_st_switch
                0x08000a48       0x10 ./build/objects/src/my_fsm.o
                0x08000a48                my_fsm_is_st_switch
 .text.my_fsm_switch_state
                0x08000a58       0x2c ./build/objects/src/my_fsm.o
                0x08000a58                my_fsm_switch_state
 .text.my_fsm_init
                0x08000a84       0x12 ./build/objects/src/my_fsm.o
                0x08000a84                my_fsm_init
 *fill*         0x08000a96        0x2 
 .text.my_fsm_proc
                0x08000a98       0x20 ./build/objects/src/my_fsm.o
                0x08000a98                my_fsm_proc
 .text.my_stepper_step_end_proc
                0x08000ab8       0x60 ./build/objects/src/stepper_control.o
                0x08000ab8                my_stepper_step_end_proc
 .text.my_stepper_hw_standby
                0x08000b18       0x1a ./build/objects/src/stepper_control.o
                0x08000b18                my_stepper_hw_standby
 *fill*         0x08000b32        0x2 
 .text.my_stepper_hw_init
                0x08000b34       0xf0 ./build/objects/src/stepper_control.o
                0x08000b34                my_stepper_hw_init
 .text.my_stepper_hw_do_micro_step
                0x08000c24       0x7c ./build/objects/src/stepper_control.o
                0x08000c24                my_stepper_hw_do_micro_step
 .text.my_stepper_hw_power_calculate
                0x08000ca0        0xe ./build/objects/src/stepper_control.o
                0x08000ca0                my_stepper_hw_power_calculate
 .text.my_stepper_hw_do_step
                0x08000cae       0x66 ./build/objects/src/stepper_control.o
                0x08000cae                my_stepper_hw_do_step
 .text.my_stepper_step_start_proc
                0x08000d14       0x30 ./build/objects/src/stepper_control.o
                0x08000d14                my_stepper_step_start_proc
 .text.my_stepper_hw_hold
                0x08000d44       0x2e ./build/objects/src/stepper_control.o
                0x08000d44                my_stepper_hw_hold
 *fill*         0x08000d72        0x2 
 .text.my_stepper_hold_wait_proc
                0x08000d74       0x48 ./build/objects/src/stepper_control.o
                0x08000d74                my_stepper_hold_wait_proc
 .text.my_stepper_hw_unhold
                0x08000dbc       0x2e ./build/objects/src/stepper_control.o
                0x08000dbc                my_stepper_hw_unhold
 *fill*         0x08000dea        0x2 
 .text.my_stepper_hold_proc
                0x08000dec       0x24 ./build/objects/src/stepper_control.o
                0x08000dec                my_stepper_hold_proc
 .text.my_stepper_control_init
                0x08000e10       0x4c ./build/objects/src/stepper_control.o
                0x08000e10                my_stepper_control_init
 .text.my_stepper_control_set_active_power
                0x08000e5c       0x14 ./build/objects/src/stepper_control.o
                0x08000e5c                my_stepper_control_set_active_power
 .text.my_stepper_control_set_hold_power
                0x08000e70        0x4 ./build/objects/src/stepper_control.o
                0x08000e70                my_stepper_control_set_hold_power
 .text.my_stepper_move
                0x08000e74       0x2c ./build/objects/src/stepper_control.o
                0x08000e74                my_stepper_move
 .text.my_stepper_control_proc
                0x08000ea0        0x8 ./build/objects/src/stepper_control.o
                0x08000ea0                my_stepper_control_proc
 .text.HAL_InitTick
                0x08000ea8       0x34 ./build/objects/src/ticks.o
                0x08000ea8                HAL_InitTick
 .text.HAL_GetTick
                0x08000edc       0x14 ./build/objects/src/ticks.o
                0x08000edc                HAL_GetTick
 .text.HAL_GetRealTick
                0x08000ef0        0xc ./build/objects/src/ticks.o
                0x08000ef0                HAL_GetRealTick
 .text.HAL_IncTick
                0x08000efc       0x10 ./build/objects/src/ticks.o
                0x08000efc                HAL_IncTick
 .text.USART1_IRQHandler
                0x08000f0c        0x8 ./build/objects/src/USART.o
                0x08000f0c                USART1_IRQHandler
 .text.USART1_UART_Init
                0x08000f14       0x80 ./build/objects/src/USART.o
                0x08000f14                USART1_UART_Init
 .text.HAL_MspInit
                0x08000f94        0x2 ./build/objects/Drivers/STM32F0xx_HAL_Driver/Src/stm32f0xx_hal.o
                0x08000f94                HAL_MspInit
 *fill*         0x08000f96        0x2 
 .text.HAL_Init
                0x08000f98       0x20 ./build/objects/Drivers/STM32F0xx_HAL_Driver/Src/stm32f0xx_hal.o
                0x08000f98                HAL_Init
 .text.HAL_NVIC_SetPriority
                0x08000fb8       0x60 ./build/objects/Drivers/STM32F0xx_HAL_Driver/Src/stm32f0xx_hal_cortex.o
                0x08000fb8                HAL_NVIC_SetPriority
 .text.HAL_NVIC_EnableIRQ
                0x08001018       0x18 ./build/objects/Drivers/STM32F0xx_HAL_Driver/Src/stm32f0xx_hal_cortex.o
                0x08001018                HAL_NVIC_EnableIRQ
 .text.HAL_SYSTICK_Config
                0x08001030       0x38 ./build/objects/Drivers/STM32F0xx_HAL_Driver/Src/stm32f0xx_hal_cortex.o
                0x08001030                HAL_SYSTICK_Config
 .text.HAL_GPIO_Init
                0x08001068      0x18c ./build/objects/Drivers/STM32F0xx_HAL_Driver/Src/stm32f0xx_hal_gpio.o
                0x08001068                HAL_GPIO_Init
 .text.HAL_RCC_OscConfig
                0x080011f4      0x49c ./build/objects/Drivers/STM32F0xx_HAL_Driver/Src/stm32f0xx_hal_rcc.o
                0x080011f4                HAL_RCC_OscConfig
 .text.HAL_RCC_GetSysClockFreq
                0x08001690       0x70 ./build/objects/Drivers/STM32F0xx_HAL_Driver/Src/stm32f0xx_hal_rcc.o
                0x08001690                HAL_RCC_GetSysClockFreq
 .text.HAL_RCC_ClockConfig
                0x08001700      0x134 ./build/objects/Drivers/STM32F0xx_HAL_Driver/Src/stm32f0xx_hal_rcc.o
                0x08001700                HAL_RCC_ClockConfig
 .text.SystemInit
                0x08001834        0x2 ./build/objects/Drivers/CMSIS/Device/ST/STM32F0xx/Source/Templates/system_stm32f0xx.o
                0x08001834                SystemInit
 *fill*         0x08001836        0x2 
 .text.Reset_Handler
                0x08001838       0x50 ./build/objects/Drivers/CMSIS/Device/ST/STM32F0xx/Source/Templates/gcc/startup_stm32f030x6.o
                0x08001838                Reset_Handler
 .text.Default_Handler
                0x08001888        0x2 ./build/objects/Drivers/CMSIS/Device/ST/STM32F0xx/Source/Templates/gcc/startup_stm32f030x6.o
                0x08001888                TIM1_CC_IRQHandler
                0x08001888                I2C1_IRQHandler
                0x08001888                SPI1_IRQHandler
                0x08001888                EXTI2_3_IRQHandler
                0x08001888                ADC1_IRQHandler
                0x08001888                TIM17_IRQHandler
                0x08001888                RTC_IRQHandler
                0x08001888                TIM16_IRQHandler
                0x08001888                TIM3_IRQHandler
                0x08001888                EXTI4_15_IRQHandler
                0x08001888                RCC_IRQHandler
                0x08001888                DMA1_Channel1_IRQHandler
                0x08001888                Default_Handler
                0x08001888                TIM14_IRQHandler
                0x08001888                DMA1_Channel4_5_IRQHandler
                0x08001888                EXTI0_1_IRQHandler
                0x08001888                WWDG_IRQHandler
                0x08001888                DMA1_Channel2_3_IRQHandler
                0x08001888                FLASH_IRQHandler
                0x08001888                TIM1_BRK_UP_TRG_COM_IRQHandler
 *(.glue_7)
 .glue_7        0x0800188a        0x0 linker stubs
 *(.glue_7t)
 .glue_7t       0x0800188a        0x0 linker stubs
 *(.eh_frame)
 *fill*         0x0800188a        0x2 
 .eh_frame      0x0800188c        0x0 d:/various/notes/projects/proj-pycamera/tools/gcc-arm-none-eabi-10.3-2021.10-win32/gcc-arm-none-eabi-10.3-2021.10/bin/../lib/gcc/arm-none-eabi/10.3.1/thumb/v6-m/nofp/crtbegin.o
 *(.init)
 .init          0x0800188c        0x4 d:/various/notes/projects/proj-pycamera/tools/gcc-arm-none-eabi-10.3-2021.10-win32/gcc-arm-none-eabi-10.3-2021.10/bin/../lib/gcc/arm-none-eabi/10.3.1/thumb/v6-m/nofp/crti.o
                0x0800188c                _init
 .init          0x08001890        0x8 d:/various/notes/projects/proj-pycamera/tools/gcc-arm-none-eabi-10.3-2021.10-win32/gcc-arm-none-eabi-10.3-2021.10/bin/../lib/gcc/arm-none-eabi/10.3.1/thumb/v6-m/nofp/crtn.o
 *(.fini)
 .fini          0x08001898        0x4 d:/various/notes/projects/proj-pycamera/tools/gcc-arm-none-eabi-10.3-2021.10-win32/gcc-arm-none-eabi-10.3-2021.10/bin/../lib/gcc/arm-none-eabi/10.3.1/thumb/v6-m/nofp/crti.o
                0x08001898                _fini
 .fini          0x0800189c        0x8 d:/various/notes/projects/proj-pycamera/tools/gcc-arm-none-eabi-10.3-2021.10-win32/gcc-arm-none-eabi-10.3-2021.10/bin/../lib/gcc/arm-none-eabi/10.3.1/thumb/v6-m/nofp/crtn.o
                0x080018a4                . = ALIGN (0x4)
                0x080018a4                _etext = .

.vfp11_veneer   0x080018a4        0x0
 .vfp11_veneer  0x080018a4        0x0 linker stubs

.v4_bx          0x080018a4        0x0
 .v4_bx         0x080018a4        0x0 linker stubs

.iplt           0x080018a4        0x0
 .iplt          0x080018a4        0x0 d:/various/notes/projects/proj-pycamera/tools/gcc-arm-none-eabi-10.3-2021.10-win32/gcc-arm-none-eabi-10.3-2021.10/bin/../lib/gcc/arm-none-eabi/10.3.1/thumb/v6-m/nofp/crtbegin.o

.rodata         0x080018a4       0x4c
                0x080018a4                . = ALIGN (0x4)
 *(.rodata)
 .rodata        0x080018a4       0x18 ./build/objects/Drivers/CMSIS/Device/ST/STM32F0xx/Source/Templates/system_stm32f0xx.o
                0x080018a4                AHBPrescTable
                0x080018b4                APBPrescTable
 *(.rodata*)
 .rodata.str1.4
                0x080018bc        0x9 ./build/objects/src/main.o
 *fill*         0x080018c5        0x3 
 .rodata.str1.4
                0x080018c8       0x25 ./build/objects/Drivers/STM32F0xx_HAL_Driver/Src/stm32f0xx_hal_rcc.o
                0x080018f0                . = ALIGN (0x4)
 *fill*         0x080018ed        0x3 

.rel.dyn        0x080018f0        0x0
 .rel.iplt      0x080018f0        0x0 d:/various/notes/projects/proj-pycamera/tools/gcc-arm-none-eabi-10.3-2021.10-win32/gcc-arm-none-eabi-10.3-2021.10/bin/../lib/gcc/arm-none-eabi/10.3.1/thumb/v6-m/nofp/crtbegin.o

.ARM.extab
 *(.ARM.extab* .gnu.linkonce.armextab.*)

.ARM            0x080018f0        0x0
                0x080018f0                __exidx_start = .
 *(.ARM.exidx*)
                0x080018f0                __exidx_end = .

.preinit_array  0x080018f0        0x0
                0x080018f0                PROVIDE (__preinit_array_start = .)
 *(.preinit_array*)
                0x080018f0                PROVIDE (__preinit_array_end = .)

.init_array     0x080018f0        0x4
                0x080018f0                PROVIDE (__init_array_start = .)
 *(SORT_BY_NAME(.init_array.*))
 *(.init_array*)
 .init_array    0x080018f0        0x4 d:/various/notes/projects/proj-pycamera/tools/gcc-arm-none-eabi-10.3-2021.10-win32/gcc-arm-none-eabi-10.3-2021.10/bin/../lib/gcc/arm-none-eabi/10.3.1/thumb/v6-m/nofp/crtbegin.o
                0x080018f4                PROVIDE (__init_array_end = .)

.fini_array     0x080018f4        0x4
                [!provide]                PROVIDE (__fini_array_start = .)
 *(SORT_BY_NAME(.fini_array.*))
 *(.fini_array*)
 .fini_array    0x080018f4        0x4 d:/various/notes/projects/proj-pycamera/tools/gcc-arm-none-eabi-10.3-2021.10-win32/gcc-arm-none-eabi-10.3-2021.10/bin/../lib/gcc/arm-none-eabi/10.3.1/thumb/v6-m/nofp/crtbegin.o
                [!provide]                PROVIDE (__fini_array_end = .)
                0x080018f8                _sidata = LOADADDR (.data)

.data           0x20000000       0x2c load address 0x080018f8
                0x20000000                . = ALIGN (0x4)
                0x20000000                _sdata = .
 *(.data)
 .data          0x20000000       0x20 ./build/objects/src/stepper_control.o
 .data          0x20000020        0x8 ./build/objects/Drivers/STM32F0xx_HAL_Driver/Src/stm32f0xx_hal.o
                0x20000020                uwTickFreq
                0x20000024                uwTickPrio
 .data          0x20000028        0x4 ./build/objects/Drivers/CMSIS/Device/ST/STM32F0xx/Source/Templates/system_stm32f0xx.o
                0x20000028                SystemCoreClock
 *(.data*)
                0x2000002c                . = ALIGN (0x4)
                0x2000002c                _edata = .

.igot.plt       0x2000002c        0x0 load address 0x08001924
 .igot.plt      0x2000002c        0x0 d:/various/notes/projects/proj-pycamera/tools/gcc-arm-none-eabi-10.3-2021.10-win32/gcc-arm-none-eabi-10.3-2021.10/bin/../lib/gcc/arm-none-eabi/10.3.1/thumb/v6-m/nofp/crtbegin.o
                0x2000002c                . = ALIGN (0x4)

.bss            0x2000002c      0x1c0 load address 0x08001924
                0x2000002c                _sbss = .
                0x2000002c                __bss_start__ = _sbss
 *(.bss)
 .bss           0x2000002c       0x1c d:/various/notes/projects/proj-pycamera/tools/gcc-arm-none-eabi-10.3-2021.10-win32/gcc-arm-none-eabi-10.3-2021.10/bin/../lib/gcc/arm-none-eabi/10.3.1/thumb/v6-m/nofp/crtbegin.o
 .bss           0x20000048      0x140 ./build/objects/src/COMMDRVV1.o
                0x20000048                COMM_TXCOUNTER
                0x2000004c                COMM_TXPTR
                0x20000050                COMM_instance
                0x20000054                COMM_txproc
                0x20000058                COMM_tcproc
                0x2000005c                COMM_SELFADDR
                0x20000060                COMM_rxproc
                0x20000064                COMM_idleproc
                0x20000068                COMM_cmdcounter
                0x2000006c                COMM_cmdchecker
                0x20000070                COMM_INBYTE
                0x20000074                COMM_rxcounter
                0x20000078                COMM_CURCMD
                0x2000007c                COMM_STATE
                0x20000080                COMM_RXBUFFER
                0x2000008c                COMM_TXBUFFER
                0x20000098                COMM_COMANDS
 .bss           0x20000188       0x60 ./build/objects/src/main.o
                0x20000188                stepper1_speed
                0x2000018c                stepper1_steps
                0x20000190                stepper1
 .bss           0x200001e8        0x4 ./build/objects/Drivers/STM32F0xx_HAL_Driver/Src/stm32f0xx_hal.o
                0x200001e8                uwTick
 *(.bss*)
 *(COMMON)
                0x200001ec                . = ALIGN (0x4)
                0x200001ec                _ebss = .
                0x200001ec                __bss_end__ = _ebss

._user_heap_stack
                0x200001ec      0x404 load address 0x08001924
                0x200001f0                . = ALIGN (0x8)
 *fill*         0x200001ec        0x4 
                [!provide]                PROVIDE (end = .)
                [!provide]                PROVIDE (_end = .)
                0x200003f0                . = (. + _Min_Heap_Size)
 *fill*         0x200001f0      0x200 
                0x200005f0                . = (. + _Min_Stack_Size)
 *fill*         0x200003f0      0x200 
                0x200005f0                . = ALIGN (0x8)

/DISCARD/
 libc.a(*)
 libm.a(*)
 libgcc.a(*)

.ARM.attributes
                0x00000000       0x28
 *(.ARM.attributes)
 .ARM.attributes
                0x00000000       0x1e d:/various/notes/projects/proj-pycamera/tools/gcc-arm-none-eabi-10.3-2021.10-win32/gcc-arm-none-eabi-10.3-2021.10/bin/../lib/gcc/arm-none-eabi/10.3.1/thumb/v6-m/nofp/crti.o
 .ARM.attributes
                0x0000001e       0x2c d:/various/notes/projects/proj-pycamera/tools/gcc-arm-none-eabi-10.3-2021.10-win32/gcc-arm-none-eabi-10.3-2021.10/bin/../lib/gcc/arm-none-eabi/10.3.1/thumb/v6-m/nofp/crtbegin.o
 .ARM.attributes
                0x0000004a       0x2c d:/various/notes/projects/proj-pycamera/tools/gcc-arm-none-eabi-10.3-2021.10-win32/gcc-arm-none-eabi-10.3-2021.10/bin/../lib/gcc/arm-none-eabi/10.3.1/../../../../arm-none-eabi/lib/thumb/v6-m/nofp\libc_nano.a(lib_a-init.o)
 .ARM.attributes
                0x00000076       0x2c d:/various/notes/projects/proj-pycamera/tools/gcc-arm-none-eabi-10.3-2021.10-win32/gcc-arm-none-eabi-10.3-2021.10/bin/../lib/gcc/arm-none-eabi/10.3.1/../../../../arm-none-eabi/lib/thumb/v6-m/nofp\libc_nano.a(lib_a-memset.o)
 .ARM.attributes
                0x000000a2       0x2c ./build/objects/src/COMMDRVV1.o
 .ARM.attributes
                0x000000ce       0x2c ./build/objects/src/main.o
 .ARM.attributes
                0x000000fa       0x2c ./build/objects/src/my_fsm.o
 .ARM.attributes
                0x00000126       0x2c ./build/objects/src/stepper_control.o
 .ARM.attributes
                0x00000152       0x2c ./build/objects/src/ticks.o
 .ARM.attributes
                0x0000017e       0x2c ./build/objects/src/USART.o
 .ARM.attributes
                0x000001aa       0x2c ./build/objects/Drivers/STM32F0xx_HAL_Driver/Src/stm32f0xx_hal.o
 .ARM.attributes
                0x000001d6       0x2c ./build/objects/Drivers/STM32F0xx_HAL_Driver/Src/stm32f0xx_hal_cortex.o
 .ARM.attributes
                0x00000202       0x2c ./build/objects/Drivers/STM32F0xx_HAL_Driver/Src/stm32f0xx_hal_gpio.o
 .ARM.attributes
                0x0000022e       0x2c ./build/objects/Drivers/STM32F0xx_HAL_Driver/Src/stm32f0xx_hal_rcc.o
 .ARM.attributes
                0x0000025a       0x2c ./build/objects/Drivers/CMSIS/Device/ST/STM32F0xx/Source/Templates/system_stm32f0xx.o
 .ARM.attributes
                0x00000286       0x21 ./build/objects/Drivers/CMSIS/Device/ST/STM32F0xx/Source/Templates/gcc/startup_stm32f030x6.o
 .ARM.attributes
                0x000002a7       0x1e d:/various/notes/projects/proj-pycamera/tools/gcc-arm-none-eabi-10.3-2021.10-win32/gcc-arm-none-eabi-10.3-2021.10/bin/../lib/gcc/arm-none-eabi/10.3.1/thumb/v6-m/nofp\libgcc.a(_udivsi3.o)
 .ARM.attributes
                0x000002c5       0x1e d:/various/notes/projects/proj-pycamera/tools/gcc-arm-none-eabi-10.3-2021.10-win32/gcc-arm-none-eabi-10.3-2021.10/bin/../lib/gcc/arm-none-eabi/10.3.1/thumb/v6-m/nofp\libgcc.a(_divsi3.o)
 .ARM.attributes
                0x000002e3       0x1e d:/various/notes/projects/proj-pycamera/tools/gcc-arm-none-eabi-10.3-2021.10-win32/gcc-arm-none-eabi-10.3-2021.10/bin/../lib/gcc/arm-none-eabi/10.3.1/thumb/v6-m/nofp\libgcc.a(_dvmd_tls.o)
 .ARM.attributes
                0x00000301       0x1e d:/various/notes/projects/proj-pycamera/tools/gcc-arm-none-eabi-10.3-2021.10-win32/gcc-arm-none-eabi-10.3-2021.10/bin/../lib/gcc/arm-none-eabi/10.3.1/thumb/v6-m/nofp/crtn.o
OUTPUT(./build/apps/Stepper_TEST1.elf elf32-littlearm)
LOAD linker stubs
LOAD d:/various/notes/projects/proj-pycamera/tools/gcc-arm-none-eabi-10.3-2021.10-win32/gcc-arm-none-eabi-10.3-2021.10/bin/../lib/gcc/arm-none-eabi/10.3.1/../../../../arm-none-eabi/lib/thumb/v6-m/nofp\libc.a
LOAD d:/various/notes/projects/proj-pycamera/tools/gcc-arm-none-eabi-10.3-2021.10-win32/gcc-arm-none-eabi-10.3-2021.10/bin/../lib/gcc/arm-none-eabi/10.3.1/../../../../arm-none-eabi/lib/thumb/v6-m/nofp\libm.a
LOAD d:/various/notes/projects/proj-pycamera/tools/gcc-arm-none-eabi-10.3-2021.10-win32/gcc-arm-none-eabi-10.3-2021.10/bin/../lib/gcc/arm-none-eabi/10.3.1/thumb/v6-m/nofp\libgcc.a

.debug_frame    0x00000000       0x8c
 .debug_frame   0x00000000       0x2c d:/various/notes/projects/proj-pycamera/tools/gcc-arm-none-eabi-10.3-2021.10-win32/gcc-arm-none-eabi-10.3-2021.10/bin/../lib/gcc/arm-none-eabi/10.3.1/../../../../arm-none-eabi/lib/thumb/v6-m/nofp\libc_nano.a(lib_a-init.o)
 .debug_frame   0x0000002c       0x20 d:/various/notes/projects/proj-pycamera/tools/gcc-arm-none-eabi-10.3-2021.10-win32/gcc-arm-none-eabi-10.3-2021.10/bin/../lib/gcc/arm-none-eabi/10.3.1/../../../../arm-none-eabi/lib/thumb/v6-m/nofp\libc_nano.a(lib_a-memset.o)
 .debug_frame   0x0000004c       0x20 d:/various/notes/projects/proj-pycamera/tools/gcc-arm-none-eabi-10.3-2021.10-win32/gcc-arm-none-eabi-10.3-2021.10/bin/../lib/gcc/arm-none-eabi/10.3.1/thumb/v6-m/nofp\libgcc.a(_udivsi3.o)
 .debug_frame   0x0000006c       0x20 d:/various/notes/projects/proj-pycamera/tools/gcc-arm-none-eabi-10.3-2021.10-win32/gcc-arm-none-eabi-10.3-2021.10/bin/../lib/gcc/arm-none-eabi/10.3.1/thumb/v6-m/nofp\libgcc.a(_divsi3.o)

.comment        0x00000000       0x49
 .comment       0x00000000       0x49 ./build/objects/src/COMMDRVV1.o
                                 0x4a (size before relaxing)
 .comment       0x00000049       0x4a ./build/objects/src/main.o
 .comment       0x00000049       0x4a ./build/objects/src/my_fsm.o
 .comment       0x00000049       0x4a ./build/objects/src/stepper_control.o
 .comment       0x00000049       0x4a ./build/objects/src/ticks.o
 .comment       0x00000049       0x4a ./build/objects/src/USART.o
 .comment       0x00000049       0x4a ./build/objects/Drivers/STM32F0xx_HAL_Driver/Src/stm32f0xx_hal.o
 .comment       0x00000049       0x4a ./build/objects/Drivers/STM32F0xx_HAL_Driver/Src/stm32f0xx_hal_cortex.o
 .comment       0x00000049       0x4a ./build/objects/Drivers/STM32F0xx_HAL_Driver/Src/stm32f0xx_hal_gpio.o
 .comment       0x00000049       0x4a ./build/objects/Drivers/STM32F0xx_HAL_Driver/Src/stm32f0xx_hal_rcc.o
 .comment       0x00000049       0x4a ./build/objects/Drivers/CMSIS/Device/ST/STM32F0xx/Source/Templates/system_stm32f0xx.o
